 
****************************************
Report : clocks
Design : pcie_gen6_system_top
Version: K-2015.06
Date   : Mon Jun  8 21:56:45 2026
****************************************

Attributes:
    d - dont_touch_network
    f - fix_hold
    p - propagated_clock
    G - generated_clock
    g - lib_generated_clock

Clock          Period   Waveform            Attrs     Sources
--------------------------------------------------------------------------------
clk              4.00   {0 2}                         {clk}
clk_pipe         4.00   {0 2}                         {clk_pipe}
clk_ser          2.00   {0 1}                         {clk_ser}
ssc_ref_clk      4.00   {0 2}                         {ssc_ref_clk}
--------------------------------------------------------------------------------
1
