**************************************************
Report         : failing_points

Reference      : ref:/WORK/dll_top
Implementation : impl:/WORK/dll_top
Version        : L-2016.03-SP1
Date           : Fri Jun 12 05:26:18 2026
**************************************************

20 Failing compare points (20 matched, 0 unmatched):

  Ref  DFF        ref:/WORK/dll_top/u_dllp_gen/pm_dllp_reg[56]
  Impl DFF        impl:/WORK/dll_top/u_dllp_gen/pm_dllp_reg_56_

  Ref  DFF        ref:/WORK/dll_top/u_dllp_gen/pm_dllp_reg[58]
  Impl DFF        impl:/WORK/dll_top/u_dllp_gen/pm_dllp_reg_58_

  Ref  DFF        ref:/WORK/dll_top/u_dllp_gen/pm_dllp_reg[61]
  Impl DFF        impl:/WORK/dll_top/u_dllp_gen/pm_dllp_reg_61_

  Ref  DFF        ref:/WORK/dll_top/u_dllp_gen/pm_dllp_valid_reg
  Impl DFF        impl:/WORK/dll_top/u_dllp_gen/pm_dllp_valid_reg

  Ref  DFF        ref:/WORK/dll_top/u_flit_rx/data_lat_reg[549]
  Impl DFF        impl:/WORK/dll_top/u_flit_rx/data_lat_reg_549_

  Ref  DFF        ref:/WORK/dll_top/u_pm_fsm/pm_dllp_send_reg
  Impl DFF        impl:/WORK/dll_top/u_pm_fsm/pm_dllp_send_reg

  Ref  DFF        ref:/WORK/dll_top/u_pm_tmr/l0s_active_reg
  Impl DFF        impl:/WORK/dll_top/u_pm_tmr/l0s_active_reg

  Ref  DFF        ref:/WORK/dll_top/u_pm_tmr/l0s_cnt_reg[0]
  Impl DFF        impl:/WORK/dll_top/u_pm_tmr/l0s_cnt_reg_0_

  Ref  DFF        ref:/WORK/dll_top/u_pm_tmr/l0s_cnt_reg[1]
  Impl DFF        impl:/WORK/dll_top/u_pm_tmr/l0s_cnt_reg_1_

  Ref  DFF        ref:/WORK/dll_top/u_pm_tmr/l0s_cnt_reg[2]
  Impl DFF        impl:/WORK/dll_top/u_pm_tmr/l0s_cnt_reg_2_

  Ref  DFF        ref:/WORK/dll_top/u_pm_tmr/l0s_cnt_reg[3]
  Impl DFF        impl:/WORK/dll_top/u_pm_tmr/l0s_cnt_reg_3_

  Ref  DFF        ref:/WORK/dll_top/u_pm_tmr/l0s_cnt_reg[4]
  Impl DFF        impl:/WORK/dll_top/u_pm_tmr/l0s_cnt_reg_4_

  Ref  DFF        ref:/WORK/dll_top/u_pm_tmr/l0s_cnt_reg[5]
  Impl DFF        impl:/WORK/dll_top/u_pm_tmr/l0s_cnt_reg_5_

  Ref  DFF        ref:/WORK/dll_top/u_pm_tmr/l1_active_reg
  Impl DFF        impl:/WORK/dll_top/u_pm_tmr/l1_active_reg

  Ref  DFF        ref:/WORK/dll_top/u_pm_tmr/l1_cnt_reg[0]
  Impl DFF        impl:/WORK/dll_top/u_pm_tmr/l1_cnt_reg_0_

  Ref  DFF        ref:/WORK/dll_top/u_pm_tmr/l1_cnt_reg[1]
  Impl DFF        impl:/WORK/dll_top/u_pm_tmr/l1_cnt_reg_1_

  Ref  DFF        ref:/WORK/dll_top/u_pm_tmr/l1_cnt_reg[2]
  Impl DFF        impl:/WORK/dll_top/u_pm_tmr/l1_cnt_reg_2_

  Ref  DFF        ref:/WORK/dll_top/u_pm_tmr/l1_cnt_reg[3]
  Impl DFF        impl:/WORK/dll_top/u_pm_tmr/l1_cnt_reg_3_

  Ref  DFF        ref:/WORK/dll_top/u_pm_tmr/l1_cnt_reg[4]
  Impl DFF        impl:/WORK/dll_top/u_pm_tmr/l1_cnt_reg_4_

  Ref  DFF        ref:/WORK/dll_top/u_rx_demux/tlp_rx_reg[101]
  Impl DFF        impl:/WORK/dll_top/u_rx_demux/tlp_rx_reg_101_

 [BBNet: multiply-driven net
  BBPin: black-box pin
  Cut:   cut-point
  DFF:   non-constant DFF register
  DFF0:  constant 0 DFF register
  DFF1:  constant 1 DFF register
  DFFX:  constant X DFF register
  DFF0X: constrained 0X DFF register
  DFF1X: constrained 1X DFF register
  LAT:   non-constant latch register
  LAT0:  constant 0 latch register
  LAT1:  constant 1 latch register
  LATX:  constant X latch register
  LAT0X: constrained 0X latch register
  LAT1X: constrained 1X latch register
  LATCG: clock-gating latch register
  TLA:   transparent latch register
  TLA0X: transparent constrained 0X latch register
  TLA1X: transparent constrained 1X latch register
  Loop:  cycle break point
  Port:  primary (top-level) port
  Und:   undriven signal cut-point
  Unk:   unknown signal cut-point]

1
