**************************************************
Report         : unmatched_points

Reference      : ref:/WORK/dll_top
Implementation : impl:/WORK/dll_top
Version        : L-2016.03-SP1
Date           : Fri Jun 12 05:26:17 2026
**************************************************

742 Unmatched points (742 reference, 0 implementation):

  Ref  DFF0X      ref:/WORK/dll_top/u_ack_sched/ack_dllp_hold_reg[0]

  Ref  DFF0X      ref:/WORK/dll_top/u_ack_sched/ack_dllp_hold_reg[10]

  Ref  DFF0X      ref:/WORK/dll_top/u_ack_sched/ack_dllp_hold_reg[11]

  Ref  DFF0X      ref:/WORK/dll_top/u_ack_sched/ack_dllp_hold_reg[12]

  Ref  DFF0X      ref:/WORK/dll_top/u_ack_sched/ack_dllp_hold_reg[13]

  Ref  DFF0X      ref:/WORK/dll_top/u_ack_sched/ack_dllp_hold_reg[14]

  Ref  DFF0X      ref:/WORK/dll_top/u_ack_sched/ack_dllp_hold_reg[15]

  Ref  DFF0X      ref:/WORK/dll_top/u_ack_sched/ack_dllp_hold_reg[16]

  Ref  DFF0X      ref:/WORK/dll_top/u_ack_sched/ack_dllp_hold_reg[17]

  Ref  DFF0X      ref:/WORK/dll_top/u_ack_sched/ack_dllp_hold_reg[18]

  Ref  DFF0X      ref:/WORK/dll_top/u_ack_sched/ack_dllp_hold_reg[19]

  Ref  DFF0X      ref:/WORK/dll_top/u_ack_sched/ack_dllp_hold_reg[1]

  Ref  DFF0X      ref:/WORK/dll_top/u_ack_sched/ack_dllp_hold_reg[20]

  Ref  DFF0X      ref:/WORK/dll_top/u_ack_sched/ack_dllp_hold_reg[21]

  Ref  DFF0X      ref:/WORK/dll_top/u_ack_sched/ack_dllp_hold_reg[22]

  Ref  DFF0X      ref:/WORK/dll_top/u_ack_sched/ack_dllp_hold_reg[23]

  Ref  DFF0X      ref:/WORK/dll_top/u_ack_sched/ack_dllp_hold_reg[24]

  Ref  DFF0X      ref:/WORK/dll_top/u_ack_sched/ack_dllp_hold_reg[25]

  Ref  DFF0X      ref:/WORK/dll_top/u_ack_sched/ack_dllp_hold_reg[26]

  Ref  DFF0X      ref:/WORK/dll_top/u_ack_sched/ack_dllp_hold_reg[27]

  Ref  DFF0X      ref:/WORK/dll_top/u_ack_sched/ack_dllp_hold_reg[28]

  Ref  DFF0X      ref:/WORK/dll_top/u_ack_sched/ack_dllp_hold_reg[29]

  Ref  DFF0X      ref:/WORK/dll_top/u_ack_sched/ack_dllp_hold_reg[2]

  Ref  DFF0X      ref:/WORK/dll_top/u_ack_sched/ack_dllp_hold_reg[30]

  Ref  DFF0X      ref:/WORK/dll_top/u_ack_sched/ack_dllp_hold_reg[31]

  Ref  DFF0X      ref:/WORK/dll_top/u_ack_sched/ack_dllp_hold_reg[3]

  Ref  DFF0X      ref:/WORK/dll_top/u_ack_sched/ack_dllp_hold_reg[44]

  Ref  DFF0X      ref:/WORK/dll_top/u_ack_sched/ack_dllp_hold_reg[45]

  Ref  DFF0X      ref:/WORK/dll_top/u_ack_sched/ack_dllp_hold_reg[46]

  Ref  DFF0X      ref:/WORK/dll_top/u_ack_sched/ack_dllp_hold_reg[47]

  Ref  DFF0X      ref:/WORK/dll_top/u_ack_sched/ack_dllp_hold_reg[48]

  Ref  DFF0X      ref:/WORK/dll_top/u_ack_sched/ack_dllp_hold_reg[49]

  Ref  DFF0X      ref:/WORK/dll_top/u_ack_sched/ack_dllp_hold_reg[4]

  Ref  DFF0X      ref:/WORK/dll_top/u_ack_sched/ack_dllp_hold_reg[50]

  Ref  DFF0X      ref:/WORK/dll_top/u_ack_sched/ack_dllp_hold_reg[51]

  Ref  DFF0X      ref:/WORK/dll_top/u_ack_sched/ack_dllp_hold_reg[52]

  Ref  DFF0X      ref:/WORK/dll_top/u_ack_sched/ack_dllp_hold_reg[53]

  Ref  DFF0X      ref:/WORK/dll_top/u_ack_sched/ack_dllp_hold_reg[54]

  Ref  DFF0X      ref:/WORK/dll_top/u_ack_sched/ack_dllp_hold_reg[55]

  Ref  DFF0X      ref:/WORK/dll_top/u_ack_sched/ack_dllp_hold_reg[56]

  Ref  DFF0X      ref:/WORK/dll_top/u_ack_sched/ack_dllp_hold_reg[57]

  Ref  DFF0X      ref:/WORK/dll_top/u_ack_sched/ack_dllp_hold_reg[58]

  Ref  DFF0X      ref:/WORK/dll_top/u_ack_sched/ack_dllp_hold_reg[59]

  Ref  DFF0X      ref:/WORK/dll_top/u_ack_sched/ack_dllp_hold_reg[5]

  Ref  DFF0X      ref:/WORK/dll_top/u_ack_sched/ack_dllp_hold_reg[60]

  Ref  DFF0X      ref:/WORK/dll_top/u_ack_sched/ack_dllp_hold_reg[61]

  Ref  DFF0X      ref:/WORK/dll_top/u_ack_sched/ack_dllp_hold_reg[62]

  Ref  DFF0X      ref:/WORK/dll_top/u_ack_sched/ack_dllp_hold_reg[63]

  Ref  DFF0X      ref:/WORK/dll_top/u_ack_sched/ack_dllp_hold_reg[6]

  Ref  DFF0X      ref:/WORK/dll_top/u_ack_sched/ack_dllp_hold_reg[7]

  Ref  DFF0X      ref:/WORK/dll_top/u_ack_sched/ack_dllp_hold_reg[8]

  Ref  DFF0X      ref:/WORK/dll_top/u_ack_sched/ack_dllp_hold_reg[9]

  Ref  DFF0X      ref:/WORK/dll_top/u_ack_sched/ack_dllp_reg[0]

  Ref  DFF0X      ref:/WORK/dll_top/u_ack_sched/ack_dllp_reg[10]

  Ref  DFF0X      ref:/WORK/dll_top/u_ack_sched/ack_dllp_reg[11]

  Ref  DFF0X      ref:/WORK/dll_top/u_ack_sched/ack_dllp_reg[12]

  Ref  DFF0X      ref:/WORK/dll_top/u_ack_sched/ack_dllp_reg[13]

  Ref  DFF0X      ref:/WORK/dll_top/u_ack_sched/ack_dllp_reg[14]

  Ref  DFF0X      ref:/WORK/dll_top/u_ack_sched/ack_dllp_reg[15]

  Ref  DFF0X      ref:/WORK/dll_top/u_ack_sched/ack_dllp_reg[16]

  Ref  DFF0X      ref:/WORK/dll_top/u_ack_sched/ack_dllp_reg[17]

  Ref  DFF0X      ref:/WORK/dll_top/u_ack_sched/ack_dllp_reg[18]

  Ref  DFF0X      ref:/WORK/dll_top/u_ack_sched/ack_dllp_reg[19]

  Ref  DFF0X      ref:/WORK/dll_top/u_ack_sched/ack_dllp_reg[1]

  Ref  DFF0X      ref:/WORK/dll_top/u_ack_sched/ack_dllp_reg[20]

  Ref  DFF0X      ref:/WORK/dll_top/u_ack_sched/ack_dllp_reg[21]

  Ref  DFF0X      ref:/WORK/dll_top/u_ack_sched/ack_dllp_reg[22]

  Ref  DFF0X      ref:/WORK/dll_top/u_ack_sched/ack_dllp_reg[23]

  Ref  DFF0X      ref:/WORK/dll_top/u_ack_sched/ack_dllp_reg[24]

  Ref  DFF0X      ref:/WORK/dll_top/u_ack_sched/ack_dllp_reg[25]

  Ref  DFF0X      ref:/WORK/dll_top/u_ack_sched/ack_dllp_reg[26]

  Ref  DFF0X      ref:/WORK/dll_top/u_ack_sched/ack_dllp_reg[27]

  Ref  DFF0X      ref:/WORK/dll_top/u_ack_sched/ack_dllp_reg[28]

  Ref  DFF0X      ref:/WORK/dll_top/u_ack_sched/ack_dllp_reg[29]

  Ref  DFF0X      ref:/WORK/dll_top/u_ack_sched/ack_dllp_reg[2]

  Ref  DFF0X      ref:/WORK/dll_top/u_ack_sched/ack_dllp_reg[30]

  Ref  DFF0X      ref:/WORK/dll_top/u_ack_sched/ack_dllp_reg[31]

  Ref  DFF0X      ref:/WORK/dll_top/u_ack_sched/ack_dllp_reg[3]

  Ref  DFF0X      ref:/WORK/dll_top/u_ack_sched/ack_dllp_reg[44]

  Ref  DFF0X      ref:/WORK/dll_top/u_ack_sched/ack_dllp_reg[45]

  Ref  DFF0X      ref:/WORK/dll_top/u_ack_sched/ack_dllp_reg[46]

  Ref  DFF0X      ref:/WORK/dll_top/u_ack_sched/ack_dllp_reg[47]

  Ref  DFF0X      ref:/WORK/dll_top/u_ack_sched/ack_dllp_reg[48]

  Ref  DFF0X      ref:/WORK/dll_top/u_ack_sched/ack_dllp_reg[49]

  Ref  DFF0X      ref:/WORK/dll_top/u_ack_sched/ack_dllp_reg[4]

  Ref  DFF0X      ref:/WORK/dll_top/u_ack_sched/ack_dllp_reg[50]

  Ref  DFF0X      ref:/WORK/dll_top/u_ack_sched/ack_dllp_reg[51]

  Ref  DFF0X      ref:/WORK/dll_top/u_ack_sched/ack_dllp_reg[52]

  Ref  DFF0X      ref:/WORK/dll_top/u_ack_sched/ack_dllp_reg[53]

  Ref  DFF0X      ref:/WORK/dll_top/u_ack_sched/ack_dllp_reg[54]

  Ref  DFF0X      ref:/WORK/dll_top/u_ack_sched/ack_dllp_reg[55]

  Ref  DFF0X      ref:/WORK/dll_top/u_ack_sched/ack_dllp_reg[56]

  Ref  DFF0X      ref:/WORK/dll_top/u_ack_sched/ack_dllp_reg[57]

  Ref  DFF0X      ref:/WORK/dll_top/u_ack_sched/ack_dllp_reg[58]

  Ref  DFF0X      ref:/WORK/dll_top/u_ack_sched/ack_dllp_reg[59]

  Ref  DFF0X      ref:/WORK/dll_top/u_ack_sched/ack_dllp_reg[5]

  Ref  DFF0X      ref:/WORK/dll_top/u_ack_sched/ack_dllp_reg[60]

  Ref  DFF0X      ref:/WORK/dll_top/u_ack_sched/ack_dllp_reg[61]

  Ref  DFF0X      ref:/WORK/dll_top/u_ack_sched/ack_dllp_reg[62]

  Ref  DFF0X      ref:/WORK/dll_top/u_ack_sched/ack_dllp_reg[63]

  Ref  DFF0X      ref:/WORK/dll_top/u_ack_sched/ack_dllp_reg[6]

  Ref  DFF0X      ref:/WORK/dll_top/u_ack_sched/ack_dllp_reg[7]

  Ref  DFF0X      ref:/WORK/dll_top/u_ack_sched/ack_dllp_reg[8]

  Ref  DFF0X      ref:/WORK/dll_top/u_ack_sched/ack_dllp_reg[9]

  Ref  DFF0X      ref:/WORK/dll_top/u_ack_sched/nak_dllp_hold_reg[0]

  Ref  DFF0X      ref:/WORK/dll_top/u_ack_sched/nak_dllp_hold_reg[10]

  Ref  DFF0X      ref:/WORK/dll_top/u_ack_sched/nak_dllp_hold_reg[11]

  Ref  DFF0X      ref:/WORK/dll_top/u_ack_sched/nak_dllp_hold_reg[12]

  Ref  DFF0X      ref:/WORK/dll_top/u_ack_sched/nak_dllp_hold_reg[13]

  Ref  DFF0X      ref:/WORK/dll_top/u_ack_sched/nak_dllp_hold_reg[14]

  Ref  DFF0X      ref:/WORK/dll_top/u_ack_sched/nak_dllp_hold_reg[15]

  Ref  DFF0X      ref:/WORK/dll_top/u_ack_sched/nak_dllp_hold_reg[16]

  Ref  DFF0X      ref:/WORK/dll_top/u_ack_sched/nak_dllp_hold_reg[17]

  Ref  DFF0X      ref:/WORK/dll_top/u_ack_sched/nak_dllp_hold_reg[18]

  Ref  DFF0X      ref:/WORK/dll_top/u_ack_sched/nak_dllp_hold_reg[19]

  Ref  DFF0X      ref:/WORK/dll_top/u_ack_sched/nak_dllp_hold_reg[1]

  Ref  DFF0X      ref:/WORK/dll_top/u_ack_sched/nak_dllp_hold_reg[20]

  Ref  DFF0X      ref:/WORK/dll_top/u_ack_sched/nak_dllp_hold_reg[21]

  Ref  DFF0X      ref:/WORK/dll_top/u_ack_sched/nak_dllp_hold_reg[22]

  Ref  DFF0X      ref:/WORK/dll_top/u_ack_sched/nak_dllp_hold_reg[23]

  Ref  DFF0X      ref:/WORK/dll_top/u_ack_sched/nak_dllp_hold_reg[24]

  Ref  DFF0X      ref:/WORK/dll_top/u_ack_sched/nak_dllp_hold_reg[25]

  Ref  DFF0X      ref:/WORK/dll_top/u_ack_sched/nak_dllp_hold_reg[26]

  Ref  DFF0X      ref:/WORK/dll_top/u_ack_sched/nak_dllp_hold_reg[27]

  Ref  DFF0X      ref:/WORK/dll_top/u_ack_sched/nak_dllp_hold_reg[28]

  Ref  DFF0X      ref:/WORK/dll_top/u_ack_sched/nak_dllp_hold_reg[29]

  Ref  DFF0X      ref:/WORK/dll_top/u_ack_sched/nak_dllp_hold_reg[2]

  Ref  DFF0X      ref:/WORK/dll_top/u_ack_sched/nak_dllp_hold_reg[30]

  Ref  DFF0X      ref:/WORK/dll_top/u_ack_sched/nak_dllp_hold_reg[31]

  Ref  DFF0X      ref:/WORK/dll_top/u_ack_sched/nak_dllp_hold_reg[3]

  Ref  DFF0X      ref:/WORK/dll_top/u_ack_sched/nak_dllp_hold_reg[44]

  Ref  DFF0X      ref:/WORK/dll_top/u_ack_sched/nak_dllp_hold_reg[45]

  Ref  DFF0X      ref:/WORK/dll_top/u_ack_sched/nak_dllp_hold_reg[46]

  Ref  DFF0X      ref:/WORK/dll_top/u_ack_sched/nak_dllp_hold_reg[47]

  Ref  DFF0X      ref:/WORK/dll_top/u_ack_sched/nak_dllp_hold_reg[48]

  Ref  DFF0X      ref:/WORK/dll_top/u_ack_sched/nak_dllp_hold_reg[49]

  Ref  DFF0X      ref:/WORK/dll_top/u_ack_sched/nak_dllp_hold_reg[4]

  Ref  DFF0X      ref:/WORK/dll_top/u_ack_sched/nak_dllp_hold_reg[50]

  Ref  DFF0X      ref:/WORK/dll_top/u_ack_sched/nak_dllp_hold_reg[51]

  Ref  DFF0X      ref:/WORK/dll_top/u_ack_sched/nak_dllp_hold_reg[52]

  Ref  DFF0X      ref:/WORK/dll_top/u_ack_sched/nak_dllp_hold_reg[53]

  Ref  DFF0X      ref:/WORK/dll_top/u_ack_sched/nak_dllp_hold_reg[54]

  Ref  DFF0X      ref:/WORK/dll_top/u_ack_sched/nak_dllp_hold_reg[55]

  Ref  DFF0X      ref:/WORK/dll_top/u_ack_sched/nak_dllp_hold_reg[56]

  Ref  DFF0X      ref:/WORK/dll_top/u_ack_sched/nak_dllp_hold_reg[57]

  Ref  DFF0X      ref:/WORK/dll_top/u_ack_sched/nak_dllp_hold_reg[58]

  Ref  DFF0X      ref:/WORK/dll_top/u_ack_sched/nak_dllp_hold_reg[59]

  Ref  DFF0X      ref:/WORK/dll_top/u_ack_sched/nak_dllp_hold_reg[5]

  Ref  DFF0X      ref:/WORK/dll_top/u_ack_sched/nak_dllp_hold_reg[61]

  Ref  DFF0X      ref:/WORK/dll_top/u_ack_sched/nak_dllp_hold_reg[62]

  Ref  DFF0X      ref:/WORK/dll_top/u_ack_sched/nak_dllp_hold_reg[63]

  Ref  DFF0X      ref:/WORK/dll_top/u_ack_sched/nak_dllp_hold_reg[6]

  Ref  DFF0X      ref:/WORK/dll_top/u_ack_sched/nak_dllp_hold_reg[7]

  Ref  DFF0X      ref:/WORK/dll_top/u_ack_sched/nak_dllp_hold_reg[8]

  Ref  DFF0X      ref:/WORK/dll_top/u_ack_sched/nak_dllp_hold_reg[9]

  Ref  DFF0X      ref:/WORK/dll_top/u_ack_sched/nak_dllp_reg[0]

  Ref  DFF0X      ref:/WORK/dll_top/u_ack_sched/nak_dllp_reg[10]

  Ref  DFF0X      ref:/WORK/dll_top/u_ack_sched/nak_dllp_reg[11]

  Ref  DFF0X      ref:/WORK/dll_top/u_ack_sched/nak_dllp_reg[12]

  Ref  DFF0X      ref:/WORK/dll_top/u_ack_sched/nak_dllp_reg[13]

  Ref  DFF0X      ref:/WORK/dll_top/u_ack_sched/nak_dllp_reg[14]

  Ref  DFF0X      ref:/WORK/dll_top/u_ack_sched/nak_dllp_reg[15]

  Ref  DFF0X      ref:/WORK/dll_top/u_ack_sched/nak_dllp_reg[16]

  Ref  DFF0X      ref:/WORK/dll_top/u_ack_sched/nak_dllp_reg[17]

  Ref  DFF0X      ref:/WORK/dll_top/u_ack_sched/nak_dllp_reg[18]

  Ref  DFF0X      ref:/WORK/dll_top/u_ack_sched/nak_dllp_reg[19]

  Ref  DFF0X      ref:/WORK/dll_top/u_ack_sched/nak_dllp_reg[1]

  Ref  DFF0X      ref:/WORK/dll_top/u_ack_sched/nak_dllp_reg[20]

  Ref  DFF0X      ref:/WORK/dll_top/u_ack_sched/nak_dllp_reg[21]

  Ref  DFF0X      ref:/WORK/dll_top/u_ack_sched/nak_dllp_reg[22]

  Ref  DFF0X      ref:/WORK/dll_top/u_ack_sched/nak_dllp_reg[23]

  Ref  DFF0X      ref:/WORK/dll_top/u_ack_sched/nak_dllp_reg[24]

  Ref  DFF0X      ref:/WORK/dll_top/u_ack_sched/nak_dllp_reg[25]

  Ref  DFF0X      ref:/WORK/dll_top/u_ack_sched/nak_dllp_reg[26]

  Ref  DFF0X      ref:/WORK/dll_top/u_ack_sched/nak_dllp_reg[27]

  Ref  DFF0X      ref:/WORK/dll_top/u_ack_sched/nak_dllp_reg[28]

  Ref  DFF0X      ref:/WORK/dll_top/u_ack_sched/nak_dllp_reg[29]

  Ref  DFF0X      ref:/WORK/dll_top/u_ack_sched/nak_dllp_reg[2]

  Ref  DFF0X      ref:/WORK/dll_top/u_ack_sched/nak_dllp_reg[30]

  Ref  DFF0X      ref:/WORK/dll_top/u_ack_sched/nak_dllp_reg[31]

  Ref  DFF0X      ref:/WORK/dll_top/u_ack_sched/nak_dllp_reg[3]

  Ref  DFF0X      ref:/WORK/dll_top/u_ack_sched/nak_dllp_reg[44]

  Ref  DFF0X      ref:/WORK/dll_top/u_ack_sched/nak_dllp_reg[45]

  Ref  DFF0X      ref:/WORK/dll_top/u_ack_sched/nak_dllp_reg[46]

  Ref  DFF0X      ref:/WORK/dll_top/u_ack_sched/nak_dllp_reg[47]

  Ref  DFF0X      ref:/WORK/dll_top/u_ack_sched/nak_dllp_reg[48]

  Ref  DFF0X      ref:/WORK/dll_top/u_ack_sched/nak_dllp_reg[49]

  Ref  DFF0X      ref:/WORK/dll_top/u_ack_sched/nak_dllp_reg[4]

  Ref  DFF0X      ref:/WORK/dll_top/u_ack_sched/nak_dllp_reg[50]

  Ref  DFF0X      ref:/WORK/dll_top/u_ack_sched/nak_dllp_reg[51]

  Ref  DFF0X      ref:/WORK/dll_top/u_ack_sched/nak_dllp_reg[52]

  Ref  DFF0X      ref:/WORK/dll_top/u_ack_sched/nak_dllp_reg[53]

  Ref  DFF0X      ref:/WORK/dll_top/u_ack_sched/nak_dllp_reg[54]

  Ref  DFF0X      ref:/WORK/dll_top/u_ack_sched/nak_dllp_reg[55]

  Ref  DFF0X      ref:/WORK/dll_top/u_ack_sched/nak_dllp_reg[56]

  Ref  DFF0X      ref:/WORK/dll_top/u_ack_sched/nak_dllp_reg[57]

  Ref  DFF0X      ref:/WORK/dll_top/u_ack_sched/nak_dllp_reg[58]

  Ref  DFF0X      ref:/WORK/dll_top/u_ack_sched/nak_dllp_reg[59]

  Ref  DFF0X      ref:/WORK/dll_top/u_ack_sched/nak_dllp_reg[5]

  Ref  DFF0X      ref:/WORK/dll_top/u_ack_sched/nak_dllp_reg[61]

  Ref  DFF0X      ref:/WORK/dll_top/u_ack_sched/nak_dllp_reg[62]

  Ref  DFF0X      ref:/WORK/dll_top/u_ack_sched/nak_dllp_reg[63]

  Ref  DFF0X      ref:/WORK/dll_top/u_ack_sched/nak_dllp_reg[6]

  Ref  DFF0X      ref:/WORK/dll_top/u_ack_sched/nak_dllp_reg[7]

  Ref  DFF0X      ref:/WORK/dll_top/u_ack_sched/nak_dllp_reg[8]

  Ref  DFF0X      ref:/WORK/dll_top/u_ack_sched/nak_dllp_reg[9]

  Ref  DFF0X      ref:/WORK/dll_top/u_crc_chk/s1_tlp_reg[1024]

  Ref  DFF0X      ref:/WORK/dll_top/u_crc_chk/s1_tlp_reg[1025]

  Ref  DFF0X      ref:/WORK/dll_top/u_crc_chk/s1_tlp_reg[1026]

  Ref  DFF0X      ref:/WORK/dll_top/u_crc_chk/s1_tlp_reg[1027]

  Ref  DFF0X      ref:/WORK/dll_top/u_crc_chk/s1_tlp_reg[1028]

  Ref  DFF0X      ref:/WORK/dll_top/u_crc_chk/s1_tlp_reg[1029]

  Ref  DFF0X      ref:/WORK/dll_top/u_crc_chk/s1_tlp_reg[1030]

  Ref  DFF0X      ref:/WORK/dll_top/u_crc_chk/s1_tlp_reg[1031]

  Ref  DFF0X      ref:/WORK/dll_top/u_crc_chk/s1_tlp_reg[1032]

  Ref  DFF0X      ref:/WORK/dll_top/u_crc_chk/s1_tlp_reg[1033]

  Ref  DFF0X      ref:/WORK/dll_top/u_crc_chk/s1_tlp_reg[1034]

  Ref  DFF0X      ref:/WORK/dll_top/u_crc_chk/s1_tlp_reg[1035]

  Ref  DFF0X      ref:/WORK/dll_top/u_crc_chk/s1_tlp_reg[1036]

  Ref  DFF0X      ref:/WORK/dll_top/u_crc_chk/s1_tlp_reg[1037]

  Ref  DFF0X      ref:/WORK/dll_top/u_crc_chk/s1_tlp_reg[1038]

  Ref  DFF0X      ref:/WORK/dll_top/u_crc_chk/s1_tlp_reg[1039]

  Ref  DFF0X      ref:/WORK/dll_top/u_crc_chk/s1_tlp_reg[1040]

  Ref  DFF0X      ref:/WORK/dll_top/u_crc_chk/s1_tlp_reg[1041]

  Ref  DFF0X      ref:/WORK/dll_top/u_crc_chk/s1_tlp_reg[1042]

  Ref  DFF0X      ref:/WORK/dll_top/u_crc_chk/s1_tlp_reg[1043]

  Ref  DFF0X      ref:/WORK/dll_top/u_crc_chk/s1_tlp_reg[1044]

  Ref  DFF0X      ref:/WORK/dll_top/u_crc_chk/s1_tlp_reg[1045]

  Ref  DFF0X      ref:/WORK/dll_top/u_crc_chk/s1_tlp_reg[1046]

  Ref  DFF0X      ref:/WORK/dll_top/u_crc_chk/s1_tlp_reg[1047]

  Ref  DFF0X      ref:/WORK/dll_top/u_crc_chk/s1_tlp_reg[1048]

  Ref  DFF0X      ref:/WORK/dll_top/u_crc_chk/s1_tlp_reg[1049]

  Ref  DFF0X      ref:/WORK/dll_top/u_crc_chk/s1_tlp_reg[1050]

  Ref  DFF0X      ref:/WORK/dll_top/u_crc_chk/s1_tlp_reg[1051]

  Ref  DFF0X      ref:/WORK/dll_top/u_crc_chk/s1_tlp_reg[1052]

  Ref  DFF0X      ref:/WORK/dll_top/u_crc_chk/s1_tlp_reg[1053]

  Ref  DFF0X      ref:/WORK/dll_top/u_crc_chk/s1_tlp_reg[1054]

  Ref  DFF0X      ref:/WORK/dll_top/u_crc_chk/s1_tlp_reg[1055]

  Ref  DFF0X      ref:/WORK/dll_top/u_crc_chk/s2_tlp_reg[1024]

  Ref  DFF0X      ref:/WORK/dll_top/u_crc_chk/s2_tlp_reg[1025]

  Ref  DFF0X      ref:/WORK/dll_top/u_crc_chk/s2_tlp_reg[1026]

  Ref  DFF0X      ref:/WORK/dll_top/u_crc_chk/s2_tlp_reg[1027]

  Ref  DFF0X      ref:/WORK/dll_top/u_crc_chk/s2_tlp_reg[1028]

  Ref  DFF0X      ref:/WORK/dll_top/u_crc_chk/s2_tlp_reg[1029]

  Ref  DFF0X      ref:/WORK/dll_top/u_crc_chk/s2_tlp_reg[1030]

  Ref  DFF0X      ref:/WORK/dll_top/u_crc_chk/s2_tlp_reg[1031]

  Ref  DFF0X      ref:/WORK/dll_top/u_crc_chk/s2_tlp_reg[1032]

  Ref  DFF0X      ref:/WORK/dll_top/u_crc_chk/s2_tlp_reg[1033]

  Ref  DFF0X      ref:/WORK/dll_top/u_crc_chk/s2_tlp_reg[1034]

  Ref  DFF0X      ref:/WORK/dll_top/u_crc_chk/s2_tlp_reg[1035]

  Ref  DFF0X      ref:/WORK/dll_top/u_crc_chk/s2_tlp_reg[1036]

  Ref  DFF0X      ref:/WORK/dll_top/u_crc_chk/s2_tlp_reg[1037]

  Ref  DFF0X      ref:/WORK/dll_top/u_crc_chk/s2_tlp_reg[1038]

  Ref  DFF0X      ref:/WORK/dll_top/u_crc_chk/s2_tlp_reg[1039]

  Ref  DFF0X      ref:/WORK/dll_top/u_crc_chk/s2_tlp_reg[1040]

  Ref  DFF0X      ref:/WORK/dll_top/u_crc_chk/s2_tlp_reg[1041]

  Ref  DFF0X      ref:/WORK/dll_top/u_crc_chk/s2_tlp_reg[1042]

  Ref  DFF0X      ref:/WORK/dll_top/u_crc_chk/s2_tlp_reg[1043]

  Ref  DFF0X      ref:/WORK/dll_top/u_crc_chk/s2_tlp_reg[1044]

  Ref  DFF0X      ref:/WORK/dll_top/u_crc_chk/s2_tlp_reg[1045]

  Ref  DFF0X      ref:/WORK/dll_top/u_crc_chk/s2_tlp_reg[1046]

  Ref  DFF0X      ref:/WORK/dll_top/u_crc_chk/s2_tlp_reg[1047]

  Ref  DFF0X      ref:/WORK/dll_top/u_crc_chk/s2_tlp_reg[1048]

  Ref  DFF0X      ref:/WORK/dll_top/u_crc_chk/s2_tlp_reg[1049]

  Ref  DFF0X      ref:/WORK/dll_top/u_crc_chk/s2_tlp_reg[1050]

  Ref  DFF0X      ref:/WORK/dll_top/u_crc_chk/s2_tlp_reg[1051]

  Ref  DFF0X      ref:/WORK/dll_top/u_crc_chk/s2_tlp_reg[1052]

  Ref  DFF0X      ref:/WORK/dll_top/u_crc_chk/s2_tlp_reg[1053]

  Ref  DFF0X      ref:/WORK/dll_top/u_crc_chk/s2_tlp_reg[1054]

  Ref  DFF0X      ref:/WORK/dll_top/u_crc_chk/s2_tlp_reg[1055]

  Ref  DFF0X      ref:/WORK/dll_top/u_dll_err/dll_err_type_reg[3]

  Ref  DFF        ref:/WORK/dll_top/u_dll_init/init_timer_reg[10]

  Ref  DFF        ref:/WORK/dll_top/u_dll_init/init_timer_reg[11]

  Ref  DFF        ref:/WORK/dll_top/u_dll_init/init_timer_reg[12]

  Ref  DFF        ref:/WORK/dll_top/u_dll_init/init_timer_reg[13]

  Ref  DFF        ref:/WORK/dll_top/u_dll_init/init_timer_reg[14]

  Ref  DFF        ref:/WORK/dll_top/u_dll_init/init_timer_reg[15]

  Ref  DFF        ref:/WORK/dll_top/u_dll_init/init_timer_reg[7]

  Ref  DFF        ref:/WORK/dll_top/u_dll_init/init_timer_reg[8]

  Ref  DFF        ref:/WORK/dll_top/u_dll_init/init_timer_reg[9]

  Ref  DFF0X      ref:/WORK/dll_top/u_dllp_arb/dllp_out_reg[10]

  Ref  DFF0X      ref:/WORK/dll_top/u_dllp_arb/dllp_out_reg[11]

  Ref  DFF0X      ref:/WORK/dll_top/u_dllp_arb/dllp_out_reg[12]

  Ref  DFF0X      ref:/WORK/dll_top/u_dllp_arb/dllp_out_reg[13]

  Ref  DFF0X      ref:/WORK/dll_top/u_dllp_arb/dllp_out_reg[14]

  Ref  DFF0X      ref:/WORK/dll_top/u_dllp_arb/dllp_out_reg[15]

  Ref  DFF0X      ref:/WORK/dll_top/u_dllp_arb/dllp_out_reg[16]

  Ref  DFF0X      ref:/WORK/dll_top/u_dllp_arb/dllp_out_reg[17]

  Ref  DFF0X      ref:/WORK/dll_top/u_dllp_arb/dllp_out_reg[18]

  Ref  DFF0X      ref:/WORK/dll_top/u_dllp_arb/dllp_out_reg[19]

  Ref  DFF0X      ref:/WORK/dll_top/u_dllp_arb/dllp_out_reg[20]

  Ref  DFF0X      ref:/WORK/dll_top/u_dllp_arb/dllp_out_reg[21]

  Ref  DFF0X      ref:/WORK/dll_top/u_dllp_arb/dllp_out_reg[22]

  Ref  DFF0X      ref:/WORK/dll_top/u_dllp_arb/dllp_out_reg[23]

  Ref  DFF0X      ref:/WORK/dll_top/u_dllp_arb/dllp_out_reg[24]

  Ref  DFF0X      ref:/WORK/dll_top/u_dllp_arb/dllp_out_reg[25]

  Ref  DFF0X      ref:/WORK/dll_top/u_dllp_arb/dllp_out_reg[26]

  Ref  DFF0X      ref:/WORK/dll_top/u_dllp_arb/dllp_out_reg[27]

  Ref  DFF0X      ref:/WORK/dll_top/u_dllp_arb/dllp_out_reg[28]

  Ref  DFF0X      ref:/WORK/dll_top/u_dllp_arb/dllp_out_reg[29]

  Ref  DFF0X      ref:/WORK/dll_top/u_dllp_arb/dllp_out_reg[30]

  Ref  DFF0X      ref:/WORK/dll_top/u_dllp_arb/dllp_out_reg[31]

  Ref  DFF0X      ref:/WORK/dll_top/u_dllp_arb/dllp_out_reg[44]

  Ref  DFF0X      ref:/WORK/dll_top/u_dllp_arb/dllp_out_reg[45]

  Ref  DFF0X      ref:/WORK/dll_top/u_dllp_arb/dllp_out_reg[46]

  Ref  DFF0X      ref:/WORK/dll_top/u_dllp_arb/dllp_out_reg[47]

  Ref  DFF0X      ref:/WORK/dll_top/u_dllp_arb/dllp_out_reg[48]

  Ref  DFF0X      ref:/WORK/dll_top/u_dllp_arb/dllp_out_reg[49]

  Ref  DFF0X      ref:/WORK/dll_top/u_dllp_arb/dllp_out_reg[50]

  Ref  DFF0X      ref:/WORK/dll_top/u_dllp_arb/dllp_out_reg[51]

  Ref  DFF0X      ref:/WORK/dll_top/u_dllp_arb/dllp_out_reg[52]

  Ref  DFF0X      ref:/WORK/dll_top/u_dllp_arb/dllp_out_reg[53]

  Ref  DFF0X      ref:/WORK/dll_top/u_dllp_arb/dllp_out_reg[54]

  Ref  DFF0X      ref:/WORK/dll_top/u_dllp_arb/dllp_out_reg[55]

  Ref  DFF0X      ref:/WORK/dll_top/u_dllp_arb/dllp_out_reg[57]

  Ref  DFF0X      ref:/WORK/dll_top/u_dllp_arb/dllp_out_reg[59]

  Ref  DFF0X      ref:/WORK/dll_top/u_dllp_arb/dllp_out_reg[62]

  Ref  DFF0X      ref:/WORK/dll_top/u_dllp_arb/dllp_out_reg[63]

  Ref  DFF0X      ref:/WORK/dll_top/u_dllp_arb/dllp_out_reg[8]

  Ref  DFF0X      ref:/WORK/dll_top/u_dllp_arb/dllp_out_reg[9]

  Ref  DFF0X      ref:/WORK/dll_top/u_dllp_gen/fc_dllp_reg[10]

  Ref  DFF0X      ref:/WORK/dll_top/u_dllp_gen/fc_dllp_reg[11]

  Ref  DFF0X      ref:/WORK/dll_top/u_dllp_gen/fc_dllp_reg[12]

  Ref  DFF0X      ref:/WORK/dll_top/u_dllp_gen/fc_dllp_reg[13]

  Ref  DFF0X      ref:/WORK/dll_top/u_dllp_gen/fc_dllp_reg[14]

  Ref  DFF0X      ref:/WORK/dll_top/u_dllp_gen/fc_dllp_reg[15]

  Ref  DFF0X      ref:/WORK/dll_top/u_dllp_gen/fc_dllp_reg[16]

  Ref  DFF0X      ref:/WORK/dll_top/u_dllp_gen/fc_dllp_reg[17]

  Ref  DFF0X      ref:/WORK/dll_top/u_dllp_gen/fc_dllp_reg[18]

  Ref  DFF0X      ref:/WORK/dll_top/u_dllp_gen/fc_dllp_reg[19]

  Ref  DFF0X      ref:/WORK/dll_top/u_dllp_gen/fc_dllp_reg[20]

  Ref  DFF0X      ref:/WORK/dll_top/u_dllp_gen/fc_dllp_reg[21]

  Ref  DFF0X      ref:/WORK/dll_top/u_dllp_gen/fc_dllp_reg[22]

  Ref  DFF0X      ref:/WORK/dll_top/u_dllp_gen/fc_dllp_reg[23]

  Ref  DFF0X      ref:/WORK/dll_top/u_dllp_gen/fc_dllp_reg[24]

  Ref  DFF0X      ref:/WORK/dll_top/u_dllp_gen/fc_dllp_reg[25]

  Ref  DFF0X      ref:/WORK/dll_top/u_dllp_gen/fc_dllp_reg[26]

  Ref  DFF0X      ref:/WORK/dll_top/u_dllp_gen/fc_dllp_reg[27]

  Ref  DFF0X      ref:/WORK/dll_top/u_dllp_gen/fc_dllp_reg[28]

  Ref  DFF0X      ref:/WORK/dll_top/u_dllp_gen/fc_dllp_reg[29]

  Ref  DFF0X      ref:/WORK/dll_top/u_dllp_gen/fc_dllp_reg[30]

  Ref  DFF0X      ref:/WORK/dll_top/u_dllp_gen/fc_dllp_reg[31]

  Ref  DFF0X      ref:/WORK/dll_top/u_dllp_gen/fc_dllp_reg[32]

  Ref  DFF0X      ref:/WORK/dll_top/u_dllp_gen/fc_dllp_reg[33]

  Ref  DFF0X      ref:/WORK/dll_top/u_dllp_gen/fc_dllp_reg[34]

  Ref  DFF0X      ref:/WORK/dll_top/u_dllp_gen/fc_dllp_reg[35]

  Ref  DFF0X      ref:/WORK/dll_top/u_dllp_gen/fc_dllp_reg[36]

  Ref  DFF0X      ref:/WORK/dll_top/u_dllp_gen/fc_dllp_reg[37]

  Ref  DFF0X      ref:/WORK/dll_top/u_dllp_gen/fc_dllp_reg[38]

  Ref  DFF0X      ref:/WORK/dll_top/u_dllp_gen/fc_dllp_reg[39]

  Ref  DFF0X      ref:/WORK/dll_top/u_dllp_gen/fc_dllp_reg[40]

  Ref  DFF0X      ref:/WORK/dll_top/u_dllp_gen/fc_dllp_reg[41]

  Ref  DFF0X      ref:/WORK/dll_top/u_dllp_gen/fc_dllp_reg[42]

  Ref  DFF0X      ref:/WORK/dll_top/u_dllp_gen/fc_dllp_reg[43]

  Ref  DFF0X      ref:/WORK/dll_top/u_dllp_gen/fc_dllp_reg[44]

  Ref  DFF0X      ref:/WORK/dll_top/u_dllp_gen/fc_dllp_reg[45]

  Ref  DFF0X      ref:/WORK/dll_top/u_dllp_gen/fc_dllp_reg[46]

  Ref  DFF0X      ref:/WORK/dll_top/u_dllp_gen/fc_dllp_reg[47]

  Ref  DFF0X      ref:/WORK/dll_top/u_dllp_gen/fc_dllp_reg[48]

  Ref  DFF0X      ref:/WORK/dll_top/u_dllp_gen/fc_dllp_reg[49]

  Ref  DFF0X      ref:/WORK/dll_top/u_dllp_gen/fc_dllp_reg[50]

  Ref  DFF0X      ref:/WORK/dll_top/u_dllp_gen/fc_dllp_reg[51]

  Ref  DFF0X      ref:/WORK/dll_top/u_dllp_gen/fc_dllp_reg[52]

  Ref  DFF0X      ref:/WORK/dll_top/u_dllp_gen/fc_dllp_reg[53]

  Ref  DFF0X      ref:/WORK/dll_top/u_dllp_gen/fc_dllp_reg[54]

  Ref  DFF0X      ref:/WORK/dll_top/u_dllp_gen/fc_dllp_reg[55]

  Ref  DFF0X      ref:/WORK/dll_top/u_dllp_gen/fc_dllp_reg[56]

  Ref  DFF0X      ref:/WORK/dll_top/u_dllp_gen/fc_dllp_reg[57]

  Ref  DFF0X      ref:/WORK/dll_top/u_dllp_gen/fc_dllp_reg[58]

  Ref  DFF0X      ref:/WORK/dll_top/u_dllp_gen/fc_dllp_reg[59]

  Ref  DFF0X      ref:/WORK/dll_top/u_dllp_gen/fc_dllp_reg[60]

  Ref  DFF0X      ref:/WORK/dll_top/u_dllp_gen/fc_dllp_reg[61]

  Ref  DFF0X      ref:/WORK/dll_top/u_dllp_gen/fc_dllp_reg[62]

  Ref  DFF0X      ref:/WORK/dll_top/u_dllp_gen/fc_dllp_reg[63]

  Ref  DFF0X      ref:/WORK/dll_top/u_dllp_gen/fc_dllp_reg[8]

  Ref  DFF0X      ref:/WORK/dll_top/u_dllp_gen/fc_dllp_reg[9]

  Ref  DFF0X      ref:/WORK/dll_top/u_dllp_gen/pm_dllp_reg[0]

  Ref  DFF0X      ref:/WORK/dll_top/u_dllp_gen/pm_dllp_reg[10]

  Ref  DFF0X      ref:/WORK/dll_top/u_dllp_gen/pm_dllp_reg[11]

  Ref  DFF0X      ref:/WORK/dll_top/u_dllp_gen/pm_dllp_reg[12]

  Ref  DFF0X      ref:/WORK/dll_top/u_dllp_gen/pm_dllp_reg[13]

  Ref  DFF0X      ref:/WORK/dll_top/u_dllp_gen/pm_dllp_reg[14]

  Ref  DFF0X      ref:/WORK/dll_top/u_dllp_gen/pm_dllp_reg[15]

  Ref  DFF0X      ref:/WORK/dll_top/u_dllp_gen/pm_dllp_reg[16]

  Ref  DFF0X      ref:/WORK/dll_top/u_dllp_gen/pm_dllp_reg[17]

  Ref  DFF0X      ref:/WORK/dll_top/u_dllp_gen/pm_dllp_reg[18]

  Ref  DFF0X      ref:/WORK/dll_top/u_dllp_gen/pm_dllp_reg[19]

  Ref  DFF0X      ref:/WORK/dll_top/u_dllp_gen/pm_dllp_reg[1]

  Ref  DFF0X      ref:/WORK/dll_top/u_dllp_gen/pm_dllp_reg[20]

  Ref  DFF0X      ref:/WORK/dll_top/u_dllp_gen/pm_dllp_reg[21]

  Ref  DFF0X      ref:/WORK/dll_top/u_dllp_gen/pm_dllp_reg[22]

  Ref  DFF0X      ref:/WORK/dll_top/u_dllp_gen/pm_dllp_reg[23]

  Ref  DFF0X      ref:/WORK/dll_top/u_dllp_gen/pm_dllp_reg[24]

  Ref  DFF0X      ref:/WORK/dll_top/u_dllp_gen/pm_dllp_reg[25]

  Ref  DFF0X      ref:/WORK/dll_top/u_dllp_gen/pm_dllp_reg[26]

  Ref  DFF0X      ref:/WORK/dll_top/u_dllp_gen/pm_dllp_reg[27]

  Ref  DFF0X      ref:/WORK/dll_top/u_dllp_gen/pm_dllp_reg[28]

  Ref  DFF0X      ref:/WORK/dll_top/u_dllp_gen/pm_dllp_reg[29]

  Ref  DFF0X      ref:/WORK/dll_top/u_dllp_gen/pm_dllp_reg[2]

  Ref  DFF0X      ref:/WORK/dll_top/u_dllp_gen/pm_dllp_reg[30]

  Ref  DFF0X      ref:/WORK/dll_top/u_dllp_gen/pm_dllp_reg[31]

  Ref  DFF0X      ref:/WORK/dll_top/u_dllp_gen/pm_dllp_reg[32]

  Ref  DFF0X      ref:/WORK/dll_top/u_dllp_gen/pm_dllp_reg[33]

  Ref  DFF0X      ref:/WORK/dll_top/u_dllp_gen/pm_dllp_reg[34]

  Ref  DFF0X      ref:/WORK/dll_top/u_dllp_gen/pm_dllp_reg[35]

  Ref  DFF0X      ref:/WORK/dll_top/u_dllp_gen/pm_dllp_reg[36]

  Ref  DFF0X      ref:/WORK/dll_top/u_dllp_gen/pm_dllp_reg[37]

  Ref  DFF0X      ref:/WORK/dll_top/u_dllp_gen/pm_dllp_reg[38]

  Ref  DFF0X      ref:/WORK/dll_top/u_dllp_gen/pm_dllp_reg[39]

  Ref  DFF0X      ref:/WORK/dll_top/u_dllp_gen/pm_dllp_reg[3]

  Ref  DFF0X      ref:/WORK/dll_top/u_dllp_gen/pm_dllp_reg[40]

  Ref  DFF0X      ref:/WORK/dll_top/u_dllp_gen/pm_dllp_reg[41]

  Ref  DFF0X      ref:/WORK/dll_top/u_dllp_gen/pm_dllp_reg[42]

  Ref  DFF0X      ref:/WORK/dll_top/u_dllp_gen/pm_dllp_reg[43]

  Ref  DFF0X      ref:/WORK/dll_top/u_dllp_gen/pm_dllp_reg[44]

  Ref  DFF0X      ref:/WORK/dll_top/u_dllp_gen/pm_dllp_reg[45]

  Ref  DFF0X      ref:/WORK/dll_top/u_dllp_gen/pm_dllp_reg[46]

  Ref  DFF0X      ref:/WORK/dll_top/u_dllp_gen/pm_dllp_reg[47]

  Ref  DFF0X      ref:/WORK/dll_top/u_dllp_gen/pm_dllp_reg[48]

  Ref  DFF0X      ref:/WORK/dll_top/u_dllp_gen/pm_dllp_reg[49]

  Ref  DFF0X      ref:/WORK/dll_top/u_dllp_gen/pm_dllp_reg[4]

  Ref  DFF0X      ref:/WORK/dll_top/u_dllp_gen/pm_dllp_reg[50]

  Ref  DFF0X      ref:/WORK/dll_top/u_dllp_gen/pm_dllp_reg[51]

  Ref  DFF0X      ref:/WORK/dll_top/u_dllp_gen/pm_dllp_reg[52]

  Ref  DFF0X      ref:/WORK/dll_top/u_dllp_gen/pm_dllp_reg[53]

  Ref  DFF0X      ref:/WORK/dll_top/u_dllp_gen/pm_dllp_reg[54]

  Ref  DFF0X      ref:/WORK/dll_top/u_dllp_gen/pm_dllp_reg[55]

  Ref  DFF0X      ref:/WORK/dll_top/u_dllp_gen/pm_dllp_reg[57]

  Ref  DFF0X      ref:/WORK/dll_top/u_dllp_gen/pm_dllp_reg[59]

  Ref  DFF0X      ref:/WORK/dll_top/u_dllp_gen/pm_dllp_reg[5]

  Ref  DFF0X      ref:/WORK/dll_top/u_dllp_gen/pm_dllp_reg[60]

  Ref  DFF0X      ref:/WORK/dll_top/u_dllp_gen/pm_dllp_reg[62]

  Ref  DFF0X      ref:/WORK/dll_top/u_dllp_gen/pm_dllp_reg[63]

  Ref  DFF0X      ref:/WORK/dll_top/u_dllp_gen/pm_dllp_reg[6]

  Ref  DFF0X      ref:/WORK/dll_top/u_dllp_gen/pm_dllp_reg[7]

  Ref  DFF0X      ref:/WORK/dll_top/u_dllp_gen/pm_dllp_reg[8]

  Ref  DFF0X      ref:/WORK/dll_top/u_dllp_gen/pm_dllp_reg[9]

  Ref  DFF0X      ref:/WORK/dll_top/u_dllp_rx_dec/ack_out_reg[17]

  Ref  DFF0X      ref:/WORK/dll_top/u_dllp_rx_dec/ack_out_reg[18]

  Ref  DFF0X      ref:/WORK/dll_top/u_dllp_rx_dec/ack_out_reg[19]

  Ref  DFF0X      ref:/WORK/dll_top/u_dllp_rx_dec/ack_out_reg[20]

  Ref  DFF0X      ref:/WORK/dll_top/u_dllp_rx_dec/ack_out_reg[21]

  Ref  DFF0X      ref:/WORK/dll_top/u_dllp_rx_dec/ack_out_reg[22]

  Ref  DFF0X      ref:/WORK/dll_top/u_dllp_rx_dec/ack_out_reg[23]

  Ref  DFF0X      ref:/WORK/dll_top/u_dllp_rx_dec/fc_update_cpld_reg[10]

  Ref  DFF0X      ref:/WORK/dll_top/u_dllp_rx_dec/fc_update_cpld_reg[11]

  Ref  DFF0X      ref:/WORK/dll_top/u_dllp_rx_dec/fc_update_pd_reg[10]

  Ref  DFF0X      ref:/WORK/dll_top/u_dllp_rx_dec/fc_update_pd_reg[11]

  Ref  DFF0X      ref:/WORK/dll_top/u_dllp_rx_dec/pm_type_reg[2]

  Ref  DFF0X      ref:/WORK/dll_top/u_fc_init/initfc_tx_reg[0]

  Ref  DFF0X      ref:/WORK/dll_top/u_fc_init/initfc_tx_reg[1]

  Ref  DFF0X      ref:/WORK/dll_top/u_fc_init/initfc_tx_reg[2]

  Ref  DFF0X      ref:/WORK/dll_top/u_fc_init/initfc_tx_reg[3]

  Ref  DFF0X      ref:/WORK/dll_top/u_lbw_fsm/bw_notif_dllp_reg[0]

  Ref  DFF0X      ref:/WORK/dll_top/u_lbw_fsm/bw_notif_dllp_reg[10]

  Ref  DFF0X      ref:/WORK/dll_top/u_lbw_fsm/bw_notif_dllp_reg[11]

  Ref  DFF0X      ref:/WORK/dll_top/u_lbw_fsm/bw_notif_dllp_reg[12]

  Ref  DFF0X      ref:/WORK/dll_top/u_lbw_fsm/bw_notif_dllp_reg[13]

  Ref  DFF0X      ref:/WORK/dll_top/u_lbw_fsm/bw_notif_dllp_reg[14]

  Ref  DFF0X      ref:/WORK/dll_top/u_lbw_fsm/bw_notif_dllp_reg[15]

  Ref  DFF0X      ref:/WORK/dll_top/u_lbw_fsm/bw_notif_dllp_reg[16]

  Ref  DFF0X      ref:/WORK/dll_top/u_lbw_fsm/bw_notif_dllp_reg[17]

  Ref  DFF0X      ref:/WORK/dll_top/u_lbw_fsm/bw_notif_dllp_reg[18]

  Ref  DFF0X      ref:/WORK/dll_top/u_lbw_fsm/bw_notif_dllp_reg[19]

  Ref  DFF0X      ref:/WORK/dll_top/u_lbw_fsm/bw_notif_dllp_reg[1]

  Ref  DFF0X      ref:/WORK/dll_top/u_lbw_fsm/bw_notif_dllp_reg[20]

  Ref  DFF0X      ref:/WORK/dll_top/u_lbw_fsm/bw_notif_dllp_reg[21]

  Ref  DFF0X      ref:/WORK/dll_top/u_lbw_fsm/bw_notif_dllp_reg[22]

  Ref  DFF0X      ref:/WORK/dll_top/u_lbw_fsm/bw_notif_dllp_reg[23]

  Ref  DFF0X      ref:/WORK/dll_top/u_lbw_fsm/bw_notif_dllp_reg[24]

  Ref  DFF0X      ref:/WORK/dll_top/u_lbw_fsm/bw_notif_dllp_reg[25]

  Ref  DFF0X      ref:/WORK/dll_top/u_lbw_fsm/bw_notif_dllp_reg[26]

  Ref  DFF0X      ref:/WORK/dll_top/u_lbw_fsm/bw_notif_dllp_reg[27]

  Ref  DFF0X      ref:/WORK/dll_top/u_lbw_fsm/bw_notif_dllp_reg[28]

  Ref  DFF0X      ref:/WORK/dll_top/u_lbw_fsm/bw_notif_dllp_reg[29]

  Ref  DFF0X      ref:/WORK/dll_top/u_lbw_fsm/bw_notif_dllp_reg[2]

  Ref  DFF0X      ref:/WORK/dll_top/u_lbw_fsm/bw_notif_dllp_reg[30]

  Ref  DFF0X      ref:/WORK/dll_top/u_lbw_fsm/bw_notif_dllp_reg[31]

  Ref  DFF0X      ref:/WORK/dll_top/u_lbw_fsm/bw_notif_dllp_reg[32]

  Ref  DFF0X      ref:/WORK/dll_top/u_lbw_fsm/bw_notif_dllp_reg[33]

  Ref  DFF0X      ref:/WORK/dll_top/u_lbw_fsm/bw_notif_dllp_reg[34]

  Ref  DFF0X      ref:/WORK/dll_top/u_lbw_fsm/bw_notif_dllp_reg[35]

  Ref  DFF0X      ref:/WORK/dll_top/u_lbw_fsm/bw_notif_dllp_reg[36]

  Ref  DFF0X      ref:/WORK/dll_top/u_lbw_fsm/bw_notif_dllp_reg[37]

  Ref  DFF0X      ref:/WORK/dll_top/u_lbw_fsm/bw_notif_dllp_reg[38]

  Ref  DFF0X      ref:/WORK/dll_top/u_lbw_fsm/bw_notif_dllp_reg[39]

  Ref  DFF0X      ref:/WORK/dll_top/u_lbw_fsm/bw_notif_dllp_reg[3]

  Ref  DFF0X      ref:/WORK/dll_top/u_lbw_fsm/bw_notif_dllp_reg[40]

  Ref  DFF0X      ref:/WORK/dll_top/u_lbw_fsm/bw_notif_dllp_reg[41]

  Ref  DFF0X      ref:/WORK/dll_top/u_lbw_fsm/bw_notif_dllp_reg[42]

  Ref  DFF0X      ref:/WORK/dll_top/u_lbw_fsm/bw_notif_dllp_reg[43]

  Ref  DFF0X      ref:/WORK/dll_top/u_lbw_fsm/bw_notif_dllp_reg[44]

  Ref  DFF0X      ref:/WORK/dll_top/u_lbw_fsm/bw_notif_dllp_reg[45]

  Ref  DFF0X      ref:/WORK/dll_top/u_lbw_fsm/bw_notif_dllp_reg[46]

  Ref  DFF0X      ref:/WORK/dll_top/u_lbw_fsm/bw_notif_dllp_reg[47]

  Ref  DFF0X      ref:/WORK/dll_top/u_lbw_fsm/bw_notif_dllp_reg[48]

  Ref  DFF0X      ref:/WORK/dll_top/u_lbw_fsm/bw_notif_dllp_reg[49]

  Ref  DFF0X      ref:/WORK/dll_top/u_lbw_fsm/bw_notif_dllp_reg[4]

  Ref  DFF0X      ref:/WORK/dll_top/u_lbw_fsm/bw_notif_dllp_reg[50]

  Ref  DFF0X      ref:/WORK/dll_top/u_lbw_fsm/bw_notif_dllp_reg[51]

  Ref  DFF0X      ref:/WORK/dll_top/u_lbw_fsm/bw_notif_dllp_reg[52]

  Ref  DFF0X      ref:/WORK/dll_top/u_lbw_fsm/bw_notif_dllp_reg[53]

  Ref  DFF0X      ref:/WORK/dll_top/u_lbw_fsm/bw_notif_dllp_reg[54]

  Ref  DFF0X      ref:/WORK/dll_top/u_lbw_fsm/bw_notif_dllp_reg[55]

  Ref  DFF0X      ref:/WORK/dll_top/u_lbw_fsm/bw_notif_dllp_reg[56]

  Ref  DFF0X      ref:/WORK/dll_top/u_lbw_fsm/bw_notif_dllp_reg[57]

  Ref  DFF0X      ref:/WORK/dll_top/u_lbw_fsm/bw_notif_dllp_reg[58]

  Ref  DFF0X      ref:/WORK/dll_top/u_lbw_fsm/bw_notif_dllp_reg[59]

  Ref  DFF0X      ref:/WORK/dll_top/u_lbw_fsm/bw_notif_dllp_reg[5]

  Ref  DFF0X      ref:/WORK/dll_top/u_lbw_fsm/bw_notif_dllp_reg[60]

  Ref  DFF0X      ref:/WORK/dll_top/u_lbw_fsm/bw_notif_dllp_reg[61]

  Ref  DFF0X      ref:/WORK/dll_top/u_lbw_fsm/bw_notif_dllp_reg[62]

  Ref  DFF0X      ref:/WORK/dll_top/u_lbw_fsm/bw_notif_dllp_reg[63]

  Ref  DFF0X      ref:/WORK/dll_top/u_lbw_fsm/bw_notif_dllp_reg[6]

  Ref  DFF0X      ref:/WORK/dll_top/u_lbw_fsm/bw_notif_dllp_reg[7]

  Ref  DFF0X      ref:/WORK/dll_top/u_lbw_fsm/bw_notif_dllp_reg[8]

  Ref  DFF0X      ref:/WORK/dll_top/u_lbw_fsm/bw_notif_dllp_reg[9]

  Ref  DFF0X      ref:/WORK/dll_top/u_lbw_fsm/bw_notif_valid_reg

  Ref  DFF0X      ref:/WORK/dll_top/u_lbw_fsm/state_reg[0]

  Ref  DFF0X      ref:/WORK/dll_top/u_lbw_fsm/state_reg[1]

  Ref  DFF0X      ref:/WORK/dll_top/u_phy_tx/flit_state_reg[0]

  Ref  DFF0X      ref:/WORK/dll_top/u_pm_fsm/pm_dllp_type_reg[1]

  Ref  DFF0X      ref:/WORK/dll_top/u_replay_fsm/retry_hold_cnt_reg[2]

  Ref  DFF0X      ref:/WORK/dll_top/u_retry_buf/buf_occ_reg[10]

  Ref  DFF0X      ref:/WORK/dll_top/u_retry_buf/buf_occ_reg[11]

  Ref  DFF0X      ref:/WORK/dll_top/u_retry_buf/buf_occ_reg[2]

  Ref  DFF0X      ref:/WORK/dll_top/u_retry_buf/buf_occ_reg[3]

  Ref  DFF0X      ref:/WORK/dll_top/u_retry_buf/buf_occ_reg[4]

  Ref  DFF0X      ref:/WORK/dll_top/u_retry_buf/buf_occ_reg[5]

  Ref  DFF0X      ref:/WORK/dll_top/u_retry_buf/buf_occ_reg[6]

  Ref  DFF0X      ref:/WORK/dll_top/u_retry_buf/buf_occ_reg[7]

  Ref  DFF0X      ref:/WORK/dll_top/u_retry_buf/buf_occ_reg[8]

  Ref  DFF0X      ref:/WORK/dll_top/u_retry_buf/buf_occ_reg[9]

  Ref  DFF0X      ref:/WORK/dll_top/u_retry_buf/mem_data_reg[0][1024]

  Ref  DFF0X      ref:/WORK/dll_top/u_retry_buf/mem_data_reg[0][1025]

  Ref  DFF0X      ref:/WORK/dll_top/u_retry_buf/mem_data_reg[0][1026]

  Ref  DFF0X      ref:/WORK/dll_top/u_retry_buf/mem_data_reg[0][1027]

  Ref  DFF0X      ref:/WORK/dll_top/u_retry_buf/mem_data_reg[0][1028]

  Ref  DFF0X      ref:/WORK/dll_top/u_retry_buf/mem_data_reg[0][1029]

  Ref  DFF0X      ref:/WORK/dll_top/u_retry_buf/mem_data_reg[0][1030]

  Ref  DFF0X      ref:/WORK/dll_top/u_retry_buf/mem_data_reg[0][1031]

  Ref  DFF0X      ref:/WORK/dll_top/u_retry_buf/mem_data_reg[0][1032]

  Ref  DFF0X      ref:/WORK/dll_top/u_retry_buf/mem_data_reg[0][1033]

  Ref  DFF0X      ref:/WORK/dll_top/u_retry_buf/mem_data_reg[0][1034]

  Ref  DFF0X      ref:/WORK/dll_top/u_retry_buf/mem_data_reg[0][1035]

  Ref  DFF0X      ref:/WORK/dll_top/u_retry_buf/mem_data_reg[0][1036]

  Ref  DFF0X      ref:/WORK/dll_top/u_retry_buf/mem_data_reg[0][1037]

  Ref  DFF0X      ref:/WORK/dll_top/u_retry_buf/mem_data_reg[0][1038]

  Ref  DFF0X      ref:/WORK/dll_top/u_retry_buf/mem_data_reg[0][1039]

  Ref  DFF0X      ref:/WORK/dll_top/u_retry_buf/mem_data_reg[0][1040]

  Ref  DFF0X      ref:/WORK/dll_top/u_retry_buf/mem_data_reg[0][1041]

  Ref  DFF0X      ref:/WORK/dll_top/u_retry_buf/mem_data_reg[0][1042]

  Ref  DFF0X      ref:/WORK/dll_top/u_retry_buf/mem_data_reg[0][1043]

  Ref  DFF0X      ref:/WORK/dll_top/u_retry_buf/mem_data_reg[1][1024]

  Ref  DFF0X      ref:/WORK/dll_top/u_retry_buf/mem_data_reg[1][1025]

  Ref  DFF0X      ref:/WORK/dll_top/u_retry_buf/mem_data_reg[1][1026]

  Ref  DFF0X      ref:/WORK/dll_top/u_retry_buf/mem_data_reg[1][1027]

  Ref  DFF0X      ref:/WORK/dll_top/u_retry_buf/mem_data_reg[1][1028]

  Ref  DFF0X      ref:/WORK/dll_top/u_retry_buf/mem_data_reg[1][1029]

  Ref  DFF0X      ref:/WORK/dll_top/u_retry_buf/mem_data_reg[1][1030]

  Ref  DFF0X      ref:/WORK/dll_top/u_retry_buf/mem_data_reg[1][1031]

  Ref  DFF0X      ref:/WORK/dll_top/u_retry_buf/mem_data_reg[1][1032]

  Ref  DFF0X      ref:/WORK/dll_top/u_retry_buf/mem_data_reg[1][1033]

  Ref  DFF0X      ref:/WORK/dll_top/u_retry_buf/mem_data_reg[1][1034]

  Ref  DFF0X      ref:/WORK/dll_top/u_retry_buf/mem_data_reg[1][1035]

  Ref  DFF0X      ref:/WORK/dll_top/u_retry_buf/mem_data_reg[1][1036]

  Ref  DFF0X      ref:/WORK/dll_top/u_retry_buf/mem_data_reg[1][1037]

  Ref  DFF0X      ref:/WORK/dll_top/u_retry_buf/mem_data_reg[1][1038]

  Ref  DFF0X      ref:/WORK/dll_top/u_retry_buf/mem_data_reg[1][1039]

  Ref  DFF0X      ref:/WORK/dll_top/u_retry_buf/mem_data_reg[1][1040]

  Ref  DFF0X      ref:/WORK/dll_top/u_retry_buf/mem_data_reg[1][1041]

  Ref  DFF0X      ref:/WORK/dll_top/u_retry_buf/mem_data_reg[1][1042]

  Ref  DFF0X      ref:/WORK/dll_top/u_retry_buf/mem_data_reg[1][1043]

  Ref  DFF0X      ref:/WORK/dll_top/u_retry_buf/retry_tlp_reg[1024]

  Ref  DFF0X      ref:/WORK/dll_top/u_retry_buf/retry_tlp_reg[1025]

  Ref  DFF0X      ref:/WORK/dll_top/u_retry_buf/retry_tlp_reg[1026]

  Ref  DFF0X      ref:/WORK/dll_top/u_retry_buf/retry_tlp_reg[1027]

  Ref  DFF0X      ref:/WORK/dll_top/u_retry_buf/retry_tlp_reg[1028]

  Ref  DFF0X      ref:/WORK/dll_top/u_retry_buf/retry_tlp_reg[1029]

  Ref  DFF0X      ref:/WORK/dll_top/u_retry_buf/retry_tlp_reg[1030]

  Ref  DFF0X      ref:/WORK/dll_top/u_retry_buf/retry_tlp_reg[1031]

  Ref  DFF0X      ref:/WORK/dll_top/u_retry_buf/retry_tlp_reg[1032]

  Ref  DFF0X      ref:/WORK/dll_top/u_retry_buf/retry_tlp_reg[1033]

  Ref  DFF0X      ref:/WORK/dll_top/u_retry_buf/retry_tlp_reg[1034]

  Ref  DFF0X      ref:/WORK/dll_top/u_retry_buf/retry_tlp_reg[1035]

  Ref  DFF0X      ref:/WORK/dll_top/u_retry_buf/retry_tlp_reg[1036]

  Ref  DFF0X      ref:/WORK/dll_top/u_retry_buf/retry_tlp_reg[1037]

  Ref  DFF0X      ref:/WORK/dll_top/u_retry_buf/retry_tlp_reg[1038]

  Ref  DFF0X      ref:/WORK/dll_top/u_retry_buf/retry_tlp_reg[1039]

  Ref  DFF0X      ref:/WORK/dll_top/u_retry_buf/retry_tlp_reg[1040]

  Ref  DFF0X      ref:/WORK/dll_top/u_retry_buf/retry_tlp_reg[1041]

  Ref  DFF0X      ref:/WORK/dll_top/u_retry_buf/retry_tlp_reg[1042]

  Ref  DFF0X      ref:/WORK/dll_top/u_retry_buf/retry_tlp_reg[1043]

  Ref  DFF0X      ref:/WORK/dll_top/u_retry_buf/state_reg[1]

  Ref  DFF0X      ref:/WORK/dll_top/u_rx_demux/tlp_rx_reg[1024]

  Ref  DFF0X      ref:/WORK/dll_top/u_rx_demux/tlp_rx_reg[1025]

  Ref  DFF0X      ref:/WORK/dll_top/u_rx_demux/tlp_rx_reg[1026]

  Ref  DFF0X      ref:/WORK/dll_top/u_rx_demux/tlp_rx_reg[1027]

  Ref  DFF0X      ref:/WORK/dll_top/u_rx_demux/tlp_rx_reg[1028]

  Ref  DFF0X      ref:/WORK/dll_top/u_rx_demux/tlp_rx_reg[1029]

  Ref  DFF0X      ref:/WORK/dll_top/u_rx_demux/tlp_rx_reg[1030]

  Ref  DFF0X      ref:/WORK/dll_top/u_rx_demux/tlp_rx_reg[1031]

  Ref  DFF0X      ref:/WORK/dll_top/u_rx_demux/tlp_rx_reg[1032]

  Ref  DFF0X      ref:/WORK/dll_top/u_rx_demux/tlp_rx_reg[1033]

  Ref  DFF0X      ref:/WORK/dll_top/u_rx_demux/tlp_rx_reg[1034]

  Ref  DFF0X      ref:/WORK/dll_top/u_rx_demux/tlp_rx_reg[1035]

  Ref  DFF0X      ref:/WORK/dll_top/u_rx_demux/tlp_rx_reg[1036]

  Ref  DFF0X      ref:/WORK/dll_top/u_rx_demux/tlp_rx_reg[1037]

  Ref  DFF0X      ref:/WORK/dll_top/u_rx_demux/tlp_rx_reg[1038]

  Ref  DFF0X      ref:/WORK/dll_top/u_rx_demux/tlp_rx_reg[1039]

  Ref  DFF0X      ref:/WORK/dll_top/u_rx_demux/tlp_rx_reg[1040]

  Ref  DFF0X      ref:/WORK/dll_top/u_rx_demux/tlp_rx_reg[1041]

  Ref  DFF0X      ref:/WORK/dll_top/u_rx_demux/tlp_rx_reg[1042]

  Ref  DFF0X      ref:/WORK/dll_top/u_rx_demux/tlp_rx_reg[1043]

  Ref  DFF0X      ref:/WORK/dll_top/u_rx_demux/tlp_rx_reg[1044]

  Ref  DFF0X      ref:/WORK/dll_top/u_rx_demux/tlp_rx_reg[1045]

  Ref  DFF0X      ref:/WORK/dll_top/u_rx_demux/tlp_rx_reg[1046]

  Ref  DFF0X      ref:/WORK/dll_top/u_rx_demux/tlp_rx_reg[1047]

  Ref  DFF0X      ref:/WORK/dll_top/u_rx_demux/tlp_rx_reg[1048]

  Ref  DFF0X      ref:/WORK/dll_top/u_rx_demux/tlp_rx_reg[1049]

  Ref  DFF0X      ref:/WORK/dll_top/u_rx_demux/tlp_rx_reg[1050]

  Ref  DFF0X      ref:/WORK/dll_top/u_rx_demux/tlp_rx_reg[1051]

  Ref  DFF0X      ref:/WORK/dll_top/u_rx_demux/tlp_rx_reg[1052]

  Ref  DFF0X      ref:/WORK/dll_top/u_rx_demux/tlp_rx_reg[1053]

  Ref  DFF0X      ref:/WORK/dll_top/u_rx_demux/tlp_rx_reg[1054]

  Ref  DFF0X      ref:/WORK/dll_top/u_rx_demux/tlp_rx_reg[1055]

  Ref  DFF0X      ref:/WORK/dll_top/u_tl_if/fc_to_dllp_reg[10]

  Ref  DFF0X      ref:/WORK/dll_top/u_tl_if/fc_to_dllp_reg[11]

  Ref  DFF0X      ref:/WORK/dll_top/u_tl_if/fc_to_dllp_reg[12]

  Ref  DFF0X      ref:/WORK/dll_top/u_tl_if/fc_to_dllp_reg[13]

  Ref  DFF0X      ref:/WORK/dll_top/u_tl_if/fc_to_dllp_reg[14]

  Ref  DFF0X      ref:/WORK/dll_top/u_tl_if/fc_to_dllp_reg[15]

  Ref  DFF0X      ref:/WORK/dll_top/u_tl_if/fc_to_dllp_reg[16]

  Ref  DFF0X      ref:/WORK/dll_top/u_tl_if/fc_to_dllp_reg[17]

  Ref  DFF0X      ref:/WORK/dll_top/u_tl_if/fc_to_dllp_reg[18]

  Ref  DFF0X      ref:/WORK/dll_top/u_tl_if/fc_to_dllp_reg[19]

  Ref  DFF0X      ref:/WORK/dll_top/u_tl_if/fc_to_dllp_reg[20]

  Ref  DFF0X      ref:/WORK/dll_top/u_tl_if/fc_to_dllp_reg[21]

  Ref  DFF0X      ref:/WORK/dll_top/u_tl_if/fc_to_dllp_reg[22]

  Ref  DFF0X      ref:/WORK/dll_top/u_tl_if/fc_to_dllp_reg[23]

  Ref  DFF0X      ref:/WORK/dll_top/u_tl_if/fc_to_dllp_reg[24]

  Ref  DFF0X      ref:/WORK/dll_top/u_tl_if/fc_to_dllp_reg[25]

  Ref  DFF0X      ref:/WORK/dll_top/u_tl_if/fc_to_dllp_reg[26]

  Ref  DFF0X      ref:/WORK/dll_top/u_tl_if/fc_to_dllp_reg[27]

  Ref  DFF0X      ref:/WORK/dll_top/u_tl_if/fc_to_dllp_reg[28]

  Ref  DFF0X      ref:/WORK/dll_top/u_tl_if/fc_to_dllp_reg[29]

  Ref  DFF0X      ref:/WORK/dll_top/u_tl_if/fc_to_dllp_reg[30]

  Ref  DFF0X      ref:/WORK/dll_top/u_tl_if/fc_to_dllp_reg[31]

  Ref  DFF0X      ref:/WORK/dll_top/u_tl_if/fc_to_dllp_reg[32]

  Ref  DFF0X      ref:/WORK/dll_top/u_tl_if/fc_to_dllp_reg[33]

  Ref  DFF0X      ref:/WORK/dll_top/u_tl_if/fc_to_dllp_reg[34]

  Ref  DFF0X      ref:/WORK/dll_top/u_tl_if/fc_to_dllp_reg[35]

  Ref  DFF0X      ref:/WORK/dll_top/u_tl_if/fc_to_dllp_reg[36]

  Ref  DFF0X      ref:/WORK/dll_top/u_tl_if/fc_to_dllp_reg[37]

  Ref  DFF0X      ref:/WORK/dll_top/u_tl_if/fc_to_dllp_reg[38]

  Ref  DFF0X      ref:/WORK/dll_top/u_tl_if/fc_to_dllp_reg[39]

  Ref  DFF0X      ref:/WORK/dll_top/u_tl_if/fc_to_dllp_reg[40]

  Ref  DFF0X      ref:/WORK/dll_top/u_tl_if/fc_to_dllp_reg[41]

  Ref  DFF0X      ref:/WORK/dll_top/u_tl_if/fc_to_dllp_reg[42]

  Ref  DFF0X      ref:/WORK/dll_top/u_tl_if/fc_to_dllp_reg[43]

  Ref  DFF0X      ref:/WORK/dll_top/u_tl_if/fc_to_dllp_reg[44]

  Ref  DFF0X      ref:/WORK/dll_top/u_tl_if/fc_to_dllp_reg[45]

  Ref  DFF0X      ref:/WORK/dll_top/u_tl_if/fc_to_dllp_reg[46]

  Ref  DFF0X      ref:/WORK/dll_top/u_tl_if/fc_to_dllp_reg[47]

  Ref  DFF0X      ref:/WORK/dll_top/u_tl_if/fc_to_dllp_reg[48]

  Ref  DFF0X      ref:/WORK/dll_top/u_tl_if/fc_to_dllp_reg[49]

  Ref  DFF0X      ref:/WORK/dll_top/u_tl_if/fc_to_dllp_reg[50]

  Ref  DFF0X      ref:/WORK/dll_top/u_tl_if/fc_to_dllp_reg[51]

  Ref  DFF0X      ref:/WORK/dll_top/u_tl_if/fc_to_dllp_reg[52]

  Ref  DFF0X      ref:/WORK/dll_top/u_tl_if/fc_to_dllp_reg[53]

  Ref  DFF0X      ref:/WORK/dll_top/u_tl_if/fc_to_dllp_reg[54]

  Ref  DFF0X      ref:/WORK/dll_top/u_tl_if/fc_to_dllp_reg[55]

  Ref  DFF0X      ref:/WORK/dll_top/u_tl_if/fc_to_dllp_reg[56]

  Ref  DFF0X      ref:/WORK/dll_top/u_tl_if/fc_to_dllp_reg[57]

  Ref  DFF0X      ref:/WORK/dll_top/u_tl_if/fc_to_dllp_reg[58]

  Ref  DFF0X      ref:/WORK/dll_top/u_tl_if/fc_to_dllp_reg[59]

  Ref  DFF0X      ref:/WORK/dll_top/u_tl_if/fc_to_dllp_reg[60]

  Ref  DFF0X      ref:/WORK/dll_top/u_tl_if/fc_to_dllp_reg[61]

  Ref  DFF0X      ref:/WORK/dll_top/u_tl_if/fc_to_dllp_reg[62]

  Ref  DFF0X      ref:/WORK/dll_top/u_tl_if/fc_to_dllp_reg[63]

  Ref  DFF0X      ref:/WORK/dll_top/u_tl_if/fc_to_dllp_reg[8]

  Ref  DFF0X      ref:/WORK/dll_top/u_tl_if/fc_to_dllp_reg[9]

  Ref  DFF0X      ref:/WORK/dll_top/u_tx_mux/dllp_reg_reg[10]

  Ref  DFF0X      ref:/WORK/dll_top/u_tx_mux/dllp_reg_reg[11]

  Ref  DFF0X      ref:/WORK/dll_top/u_tx_mux/dllp_reg_reg[12]

  Ref  DFF0X      ref:/WORK/dll_top/u_tx_mux/dllp_reg_reg[13]

  Ref  DFF0X      ref:/WORK/dll_top/u_tx_mux/dllp_reg_reg[14]

  Ref  DFF0X      ref:/WORK/dll_top/u_tx_mux/dllp_reg_reg[15]

  Ref  DFF0X      ref:/WORK/dll_top/u_tx_mux/dllp_reg_reg[16]

  Ref  DFF0X      ref:/WORK/dll_top/u_tx_mux/dllp_reg_reg[17]

  Ref  DFF0X      ref:/WORK/dll_top/u_tx_mux/dllp_reg_reg[18]

  Ref  DFF0X      ref:/WORK/dll_top/u_tx_mux/dllp_reg_reg[19]

  Ref  DFF0X      ref:/WORK/dll_top/u_tx_mux/dllp_reg_reg[20]

  Ref  DFF0X      ref:/WORK/dll_top/u_tx_mux/dllp_reg_reg[21]

  Ref  DFF0X      ref:/WORK/dll_top/u_tx_mux/dllp_reg_reg[22]

  Ref  DFF0X      ref:/WORK/dll_top/u_tx_mux/dllp_reg_reg[23]

  Ref  DFF0X      ref:/WORK/dll_top/u_tx_mux/dllp_reg_reg[24]

  Ref  DFF0X      ref:/WORK/dll_top/u_tx_mux/dllp_reg_reg[25]

  Ref  DFF0X      ref:/WORK/dll_top/u_tx_mux/dllp_reg_reg[26]

  Ref  DFF0X      ref:/WORK/dll_top/u_tx_mux/dllp_reg_reg[27]

  Ref  DFF0X      ref:/WORK/dll_top/u_tx_mux/dllp_reg_reg[28]

  Ref  DFF0X      ref:/WORK/dll_top/u_tx_mux/dllp_reg_reg[29]

  Ref  DFF0X      ref:/WORK/dll_top/u_tx_mux/dllp_reg_reg[30]

  Ref  DFF0X      ref:/WORK/dll_top/u_tx_mux/dllp_reg_reg[31]

  Ref  DFF0X      ref:/WORK/dll_top/u_tx_mux/dllp_reg_reg[44]

  Ref  DFF0X      ref:/WORK/dll_top/u_tx_mux/dllp_reg_reg[45]

  Ref  DFF0X      ref:/WORK/dll_top/u_tx_mux/dllp_reg_reg[46]

  Ref  DFF0X      ref:/WORK/dll_top/u_tx_mux/dllp_reg_reg[47]

  Ref  DFF0X      ref:/WORK/dll_top/u_tx_mux/dllp_reg_reg[48]

  Ref  DFF0X      ref:/WORK/dll_top/u_tx_mux/dllp_reg_reg[49]

  Ref  DFF0X      ref:/WORK/dll_top/u_tx_mux/dllp_reg_reg[50]

  Ref  DFF0X      ref:/WORK/dll_top/u_tx_mux/dllp_reg_reg[51]

  Ref  DFF0X      ref:/WORK/dll_top/u_tx_mux/dllp_reg_reg[52]

  Ref  DFF0X      ref:/WORK/dll_top/u_tx_mux/dllp_reg_reg[53]

  Ref  DFF0X      ref:/WORK/dll_top/u_tx_mux/dllp_reg_reg[54]

  Ref  DFF0X      ref:/WORK/dll_top/u_tx_mux/dllp_reg_reg[55]

  Ref  DFF0X      ref:/WORK/dll_top/u_tx_mux/dllp_reg_reg[57]

  Ref  DFF0X      ref:/WORK/dll_top/u_tx_mux/dllp_reg_reg[59]

  Ref  DFF0X      ref:/WORK/dll_top/u_tx_mux/dllp_reg_reg[62]

  Ref  DFF0X      ref:/WORK/dll_top/u_tx_mux/dllp_reg_reg[63]

  Ref  DFF0X      ref:/WORK/dll_top/u_tx_mux/dllp_reg_reg[8]

  Ref  DFF0X      ref:/WORK/dll_top/u_tx_mux/dllp_reg_reg[9]

  Ref  DFF0X      ref:/WORK/dll_top/u_tx_mux/tlp_reg_reg[1024]

  Ref  DFF0X      ref:/WORK/dll_top/u_tx_mux/tlp_reg_reg[1025]

  Ref  DFF0X      ref:/WORK/dll_top/u_tx_mux/tlp_reg_reg[1026]

  Ref  DFF0X      ref:/WORK/dll_top/u_tx_mux/tlp_reg_reg[1027]

  Ref  DFF0X      ref:/WORK/dll_top/u_tx_mux/tlp_reg_reg[1028]

  Ref  DFF0X      ref:/WORK/dll_top/u_tx_mux/tlp_reg_reg[1029]

  Ref  DFF0X      ref:/WORK/dll_top/u_tx_mux/tlp_reg_reg[1030]

  Ref  DFF0X      ref:/WORK/dll_top/u_tx_mux/tlp_reg_reg[1031]

  Ref  DFF0X      ref:/WORK/dll_top/u_tx_mux/tlp_reg_reg[1032]

  Ref  DFF0X      ref:/WORK/dll_top/u_tx_mux/tlp_reg_reg[1033]

  Ref  DFF0X      ref:/WORK/dll_top/u_tx_mux/tlp_reg_reg[1034]

  Ref  DFF0X      ref:/WORK/dll_top/u_tx_mux/tlp_reg_reg[1035]

  Ref  DFF0X      ref:/WORK/dll_top/u_tx_mux/tlp_reg_reg[1036]

  Ref  DFF0X      ref:/WORK/dll_top/u_tx_mux/tlp_reg_reg[1037]

  Ref  DFF0X      ref:/WORK/dll_top/u_tx_mux/tlp_reg_reg[1038]

  Ref  DFF0X      ref:/WORK/dll_top/u_tx_mux/tlp_reg_reg[1039]

  Ref  DFF0X      ref:/WORK/dll_top/u_tx_mux/tlp_reg_reg[1040]

  Ref  DFF0X      ref:/WORK/dll_top/u_tx_mux/tlp_reg_reg[1041]

  Ref  DFF0X      ref:/WORK/dll_top/u_tx_mux/tlp_reg_reg[1042]

  Ref  DFF0X      ref:/WORK/dll_top/u_tx_mux/tlp_reg_reg[1043]

 [BBNet: multiply-driven net
  BBox:  black-box
  BBPin: black-box pin
  Block: hierarchical block
  BlPin: hierarchical block pin
  Cut:   cut-point
  DFF:   non-constant DFF register
  DFF0:  constant 0 DFF register
  DFF1:  constant 1 DFF register
  DFFX:  constant X DFF register
  DFF0X: constrained 0X DFF register
  DFF1X: constrained 1X DFF register
  LAT:   non-constant latch register
  LAT0:  constant 0 latch register
  LAT1:  constant 1 latch register
  LATX:  constant X latch register
  LAT0X: constrained 0X latch register
  LAT1X: constrained 1X latch register
  LATCG: clock-gating latch register
  TLA:   transparent latch register
  TLA0X: transparent constrained 0X latch register
  TLA1X: transparent constrained 1X latch register
  Loop:  cycle break point
  Net:   matchable net
  Port:  primary (top-level) port
  Und:   undriven signal cut-point
  Unk:   unknown signal cut-point]

1
